C51 COMPILER V9.60.7.0   MAIN                                                              05/26/2025 00:12:11 PAGE 1   


C51 COMPILER V9.60.7.0, COMPILATION OF MODULE MAIN
OBJECT MODULE PLACED IN .\Objects\main.obj
COMPILER INVOKED BY: C:\Keil_v5\C51\BIN\C51.EXE main.c OPTIMIZE(8,SPEED) BROWSE INCDIR(..\at89s52_rfid) DEBUG OBJECTEXTE
                    -ND PRINT(.\Listings\main.lst) TABS(2) OBJECT(.\Objects\main.obj)

line level    source

   1          #include <REGX51.H>
   2          #include "Thu_Vien_LCD_I2C.h"
   3          #include "mfrc522.h"
   4          #include <stdio.h>
   5          #include <intrins.h>
   6          #include <string.h>
   7          #define NUM_VALID_UIDS 4
   8          
   9          unsigned char slave = 0x27;
  10          
  11          void delayms(unsigned int ms) {
  12   1          unsigned int i, j;
  13   1          for(i = 0; i < ms; i++)
  14   1              for(j = 0; j < 123; j++);
  15   1      }
  16          
  17          const char* validUIDs[] = {
  18              "2CF5FA032",
  19              "F45679712",
  20              "E31ABA1B2",
  21              "B3096F2D2"
  22          };
  23          
  24          unsigned char checkUID(const char* uid) {
  25   1          unsigned char i;
  26   1          for(i = 0; i < NUM_VALID_UIDS; i++) {
  27   2              if(strcmp(uid, validUIDs[i]) == 0) {
  28   3                  return 1; // UID h?p l?
  29   3              }
  30   2          }
  31   1          return 0; // UID không h?p l?
  32   1      }
  33          
  34          void display()
  35          {
  36   1          LCD_Gotoxy(3, 1);
  37   1          LCD_Send_String("RFID Scanner");
  38   1          LCD_Gotoxy(7, 2);
  39   1          LCD_Send_String("...");
  40   1      }
  41          
  42          void main() {
  43   1          unsigned char status, uid[4], uid_str[9];
  44   1          
  45   1          LCD_Slave(slave);
  46   1          LCD_Init();
  47   1          mfrc522_init();
  48   1        
  49   1          while(1) {
  50   2              display();
  51   2              status = mfrc522_request(PICC_REQALL, uid);
  52   2              if(status == MI_OK) {
  53   3                  status = mfrc522_anticoll(uid);
  54   3                  if(status == MI_OK) {
C51 COMPILER V9.60.7.0   MAIN                                                              05/26/2025 00:12:11 PAGE 2   

  55   4                      sprintf(uid_str, "%02X%02X%02X%02X", uid[0], uid[1], uid[2], uid[3]);
  56   4                      LCD_Clear();
  57   4                      LCD_Gotoxy(1, 2);
  58   4                      LCD_Send_String("UID:");
  59   4                      LCD_Send_String(uid_str);
  60   4                      if(checkUID(uid_str)){
  61   5                        LCD_Gotoxy(4, 1);
  62   5                        LCD_Send_String("UID hop le");
  63   5                      } else {
  64   5                        LCD_Gotoxy(1, 1);
  65   5                        LCD_Send_String("UID khong hop le");
  66   5                      }
  67   4                      delayms(1500);
  68   4                      LCD_Clear();
  69   4                  }
  70   3              }
  71   2          }
  72   1      }


MODULE INFORMATION:   STATIC OVERLAYABLE
   CODE SIZE        =    283    ----
   CONSTANT SIZE    =    107    ----
   XDATA SIZE       =   ----    ----
   PDATA SIZE       =   ----    ----
   DATA SIZE        =     13      17
   IDATA SIZE       =   ----    ----
   BIT SIZE         =   ----    ----
END OF MODULE INFORMATION.


C51 COMPILATION COMPLETE.  0 WARNING(S),  0 ERROR(S)
